// Jest Snapshot v1, https://goo.gl/fbAQLP

exports[`Primary button 1`] = `
<button
  className="ant-btn ant-btn-primary rounded-[1px] text-shadow-none shadow-none flex items-center gap-2 px-[25px] 
				bg-action-primary border-action-primary text-credix-primary
				hover:bg-neutral-60 hover:border-neutral-60
				active:bg-neutral-40 active:border-neutral-40 active:text-neutral-100
				disabled:bg-action-disable disabled:border-transparent disabled:text-disabled
			 text-base font-medium h-[42px] "
  onClick={[Function]}
  type="button"
>
  <span>
    Button
  </span>
</button>
`;
