// Jest Snapshot v1, https://goo.gl/fbAQLP

exports[`Negative return 1`] = `
<div
  className="md:grid md:grid-cols-2 space-y-2 md:space-y-0 md:space-x-4"
>
  <div
    className="rounded border border-solid border-neutral-40 bg-neutral-0 p-6 grid place-items-center md:block"
  >
    <div
      className="text-xs md:text-base font-medium"
    >
      Current balance
    </div>
    <div
      className="text-2xl font-bold"
    >
      65 USDC
    </div>
  </div>
  <div
    className="rounded border border-solid border-neutral-40 bg-neutral-0 p-6 grid place-items-center md:block"
  >
    <div
      className="flex justify-between items-start md:space-x-24 md:justify-start"
    >
      <div
        className="text-xs md:text-base font-medium"
      >
        Current investments
      </div>
    </div>
    <div>
      <div
        className="text-2xl font-bold"
      >
        256 USDC
      </div>
    </div>
  </div>
</div>
`;

exports[`Positive return 1`] = `
<div
  className="md:grid md:grid-cols-2 space-y-2 md:space-y-0 md:space-x-4"
>
  <div
    className="rounded border border-solid border-neutral-40 bg-neutral-0 p-6 grid place-items-center md:block"
  >
    <div
      className="text-xs md:text-base font-medium"
    >
      Current balance
    </div>
    <div
      className="text-2xl font-bold"
    >
      65 USDC
    </div>
  </div>
  <div
    className="rounded border border-solid border-neutral-40 bg-neutral-0 p-6 grid place-items-center md:block"
  >
    <div
      className="flex justify-between items-start md:space-x-24 md:justify-start"
    >
      <div
        className="text-xs md:text-base font-medium"
      >
        Current investments
      </div>
    </div>
    <div>
      <div
        className="text-2xl font-bold"
      >
        256 USDC
      </div>
    </div>
  </div>
</div>
`;
